
$ /usr/bin/python3 -m uv venv /tmp/s1/venvs/tts --python 3.11
warning: The `--system` flag has no effect, `uv venv` always ignores virtual environments when finding a Python interpreter; did you mean `--no-managed-python`?
Downloading cpython-3.11.17-linux-x86_64-gnu (download) (29.4MiB)
 Downloaded cpython-3.11.17-linux-x86_64-gnu (download)
Using CPython 3.11.17
Creating virtual environment at: /tmp/s1/venvs/tts
Activate with: source /tmp/s1/venvs/tts/bin/activate

$ /usr/bin/python3 -m uv pip install --python /tmp/s1/venvs/tts/bin/python setuptools<81 chatterbox-tts soundfile resemble-perth
Using Python 3.11.17 environment at: /tmp/s1/venvs/tts
Resolved 125 packages in 2.00s
Downloading pillow (6.6MiB)
Downloading pykakasi (2.3MiB)
Downloading srsly (1.1MiB)
Downloading nvidia-cublas-cu12 (346.6MiB)
Downloading tokenizers (3.1MiB)
Downloading virtualenv (5.2MiB)
Downloading pandas (10.6MiB)
Downloading hf-xet (4.3MiB)
Downloading pydantic-core (2.0MiB)
Downloading setuptools (1.0MiB)
Downloading networkx (2.0MiB)
Downloading triton (241.4MiB)
Downloading nvidia-cusolver-cu12 (122.0MiB)
Downloading numba (3.7MiB)
Downloading torch (731.2MiB)
Downloading transformers (9.9MiB)
Downloading diffusers (2.1MiB)
Downloading spacy-pkuseg (4.0MiB)
Downloading torchaudio (3.2MiB)
Downloading pygments (1.2MiB)
Downloading nvidia-cudnn-cu12 (634.0MiB)
Downloading nvidia-cufft-cu12 (201.7MiB)
Downloading nvidia-curand-cu12 (53.7MiB)
Downloading nvidia-nvjitlink-cu12 (20.1MiB)
Downloading nvidia-cusparse-cu12 (197.8MiB)
Downloading scipy (33.7MiB)
Downloading nvidia-cusparselt-cu12 (143.1MiB)
Downloading onnx (8.5MiB)
Downloading nvidia-cuda-nvrtc-cu12 (23.5MiB)
Downloading gradio (23.0MiB)
Downloading nvidia-cuda-cupti-cu12 (13.2MiB)
Downloading soundfile (1.3MiB)
Downloading ml-dtypes (4.8MiB)
Downloading brotli (1.4MiB)
Downloading sympy (5.9MiB)
Downloading scikit-learn (8.9MiB)
Downloading resemble-perth (32.8MiB)
Downloading llvmlite (56.9MiB)
Downloading nvidia-nccl-cu12 (179.9MiB)
Downloading numpy (17.4MiB)
 Downloaded setuptools
 Downloaded srsly
 Downloaded pygments
   Building antlr4-python3-runtime==4.9.3
 Downloaded soundfile
 Downloaded brotli
 Downloaded pydantic-core
 Downloaded networkx
 Downloaded diffusers
 Downloaded pykakasi
      Built antlr4-python3-runtime==4.9.3
 Downloaded tokenizers
 Downloaded torchaudio
 Downloaded numba
 Downloaded spacy-pkuseg
 Downloaded hf-xet
 Downloaded ml-dtypes
 Downloaded virtualenv
 Downloaded sympy
 Downloaded pillow
 Downloaded onnx
 Downloaded scikit-learn
 Downloaded transformers
 Downloaded pandas
 Downloaded nvidia-cuda-cupti-cu12
 Downloaded numpy
 Downloaded nvidia-nvjitlink-cu12
 Downloaded gradio
 Downloaded nvidia-cuda-nvrtc-cu12
 Downloaded resemble-perth
 Downloaded scipy
 Downloaded nvidia-curand-cu12
 Downloaded llvmlite
 Downloaded nvidia-cusolver-cu12
 Downloaded nvidia-cusparselt-cu12
 Downloaded nvidia-nccl-cu12
 Downloaded nvidia-cusparse-cu12
 Downloaded nvidia-cufft-cu12
 Downloaded triton
 Downloaded nvidia-cublas-cu12
 Downloaded nvidia-cudnn-cu12
 Downloaded torch
Prepared 125 packages in 52.19s
Installed 125 packages in 597ms
 + aiofiles==24.1.0
 + annotated-doc==0.0.5
 + annotated-types==0.8.0
 + antlr4-python3-runtime==4.9.3
 + anyio==4.15.1
 + audioread==3.1.0
 + brotli==1.2.0
 + catalogue==2.0.10
 + certifi==2026.7.22
 + cffi==2.1.1
 + cfgv==3.5.0
 + charset-normalizer==3.5.2
 + chatterbox-tts==0.1.7
 + click==8.5.0
 + cloudpickle==3.1.2
 + conformer==0.3.2
 + decorator==5.3.1
 + deprecated==1.3.1
 + diffusers==0.29.0
 + distlib==0.4.3
 + einops==0.8.2
 + fastapi==0.142.2
 + ffmpy==1.0.0
 + filelock==4.0.12
 + fsspec==2026.9.0
 + gradio==6.8.0
 + gradio-client==2.2.0
 + groovy==0.1.2
 + h11==0.16.0
 + hf-xet==1.6.0
 + httpcore==1.0.9
 + httpx==0.28.1
 + huggingface-hub==1.33.0
 + identify==2.6.20
 + idna==3.20
 + importlib-metadata==9.0.1
 + jaconv==0.5.0
 + jinja2==3.1.6
 + joblib==1.6.0
 + lazy-loader==0.6
 + librosa==0.11.0
 + llvmlite==0.50.0
 + markdown-it-py==4.2.0
 + markupsafe==3.0.4
 + mdurl==0.1.2
 + ml-dtypes==0.5.4
 + mpmath==1.3.0
 + msgpack==1.2.3
 + narwhals==2.26.0
 + networkx==3.6.1
 + nodeenv==1.11.0
 + numba==0.68.0
 + numpy==1.26.4
 + nvidia-cublas-cu12==12.4.5.8
 + nvidia-cuda-cupti-cu12==12.4.127
 + nvidia-cuda-nvrtc-cu12==12.4.127
 + nvidia-cuda-runtime-cu12==12.4.127
 + nvidia-cudnn-cu12==9.1.0.70
 + nvidia-cufft-cu12==11.2.1.3
 + nvidia-curand-cu12==10.3.5.147
 + nvidia-cusolver-cu12==11.6.1.9
 + nvidia-cusparse-cu12==12.3.1.170
 + nvidia-cusparselt-cu12==0.6.2
 + nvidia-nccl-cu12==2.21.5
 + nvidia-nvjitlink-cu12==12.4.127
 + nvidia-nvtx-cu12==12.4.127
 + omegaconf==2.3.1
 + onnx==1.23.2
 + opentelemetry-api==1.45.0
 + orjson==3.12.0
 + packaging==26.3
 + pandas==3.0.6
 + pillow==12.3.0
 + platformdirs==4.12.3
 + pooch==1.9.0
 + pre-commit==4.6.2
 + protobuf==7.36.2
 + pycparser==3.0
 + pydantic==2.13.5
 + pydantic-core==2.46.5
 + pydub==0.25.1
 + pygments==2.21.0
 + pykakasi==2.3.0
 + pyloudnorm==0.2.0
 + python-dateutil==2.9.0.post0
 + python-discovery==1.6.1
 + python-multipart==0.0.32
 + pytz==2026.5
 + pyyaml==6.0.3
 + regex==2026.9.29
 + requests==2.34.2
 + resemble-perth==1.0.1
 + rich==15.0.0
 + s3tokenizer==0.3.0
 + safehttpx==0.1.7
 + safetensors==0.5.3
 + scikit-learn==1.9.1
 + scipy==1.17.1
 + semantic-version==2.10.0
 + setuptools==80.10.2
 + shellingham==1.5.4
 + six==1.17.0
 + soundfile==0.14.0
 + soxr==1.1.0
 + spacy-pkuseg==1.0.1
 + srsly==2.5.4
 + starlette==0.52.1
 + sympy==1.13.1
 + threadpoolctl==3.7.0
 + tokenizers==0.22.2
 + tomlkit==0.13.3
 + torch==2.6.0
 + torchaudio==2.6.0
 + tqdm==4.70.1
 + transformers==5.2.0
 + triton==3.2.0
 + typer==0.27.2
 + typer-slim==0.24.0
 + typing-extensions==4.16.0
 + typing-inspection==0.4.4
 + urllib3==2.8.0
 + uvicorn==0.54.0
 + virtualenv==21.14.5
 + wrapt==2.5.0
 + zipp==4.1.1
