
$ /usr/bin/python3 -m uv venv /tmp/s1/venvs/diar --python 3.11
warning: The `--system` flag has no effect, `uv venv` always ignores virtual environments when finding a Python interpreter; did you mean `--no-managed-python`?
Using CPython 3.11.17
Creating virtual environment at: /tmp/s1/venvs/diar
Activate with: source /tmp/s1/venvs/diar/bin/activate

$ /usr/bin/python3 -m uv pip install --python /tmp/s1/venvs/diar/bin/python setuptools<81 pyannote.audio>=4.0 soundfile
Using Python 3.11.17 environment at: /tmp/s1/venvs/diar
Resolved 116 packages in 114ms
Downloading torchcodec (9.5MiB)
Downloading torchaudio (1.7MiB)
 Downloaded torchaudio
 Downloaded torchcodec
Prepared 6 packages in 141ms
Installed 116 packages in 374ms
 + aiohappyeyeballs==2.7.1
 + aiohttp==3.14.4
 + aiosignal==1.4.0
 + alembic==1.20.0
 + anyio==4.15.1
 + asteroid-filterbanks==0.4.0
 + attrs==26.1.0
 + certifi==2026.7.22
 + cffi==2.1.1
 + charset-normalizer==3.5.2
 + click==8.5.0
 + cloudpickle==3.1.2
 + colorlog==6.12.0
 + contourpy==1.3.3
 + cuda-bindings==13.4.3
 + cuda-pathfinder==1.8.3
 + cuda-toolkit==13.0.3.0
 + cycler==0.12.1
 + einops==0.8.2
 + filelock==4.0.12
 + fonttools==4.66.1
 + frozenlist==1.8.0
 + fsspec==2026.9.0
 + googleapis-common-protos==1.75.5
 + grpcio==1.84.0
 + h11==0.16.0
 + hf-xet==1.6.0
 + httpcore2==2.13.1
 + httpx2==2.13.1
 + huggingface-hub==2.1.1
 + idna==3.20
 + jinja2==3.1.6
 + joblib==1.6.0
 + julius==0.2.8
 + kiwisolver==1.5.1
 + lightning==2.6.6
 + lightning-utilities==0.15.3
 + mako==1.4.3
 + markdown-it-py==4.2.0
 + markupsafe==3.0.4
 + matplotlib==3.11.2
 + mdurl==0.1.2
 + mpmath==1.3.0
 + multidict==6.9.1
 + narwhals==2.26.0
 + networkx==3.6.1
 + numpy==2.4.6
 + nvidia-cublas==13.1.1.3
 + nvidia-cuda-cupti==13.0.85
 + nvidia-cuda-nvrtc==13.0.88
 + nvidia-cuda-runtime==13.0.96
 + nvidia-cudnn-cu13==9.24.0.43
 + nvidia-cufft==12.0.0.61
 + nvidia-cufile==1.15.1.6
 + nvidia-curand==10.4.0.35
 + nvidia-cusolver==12.0.4.66
 + nvidia-cusparse==12.6.3.3
 + nvidia-cusparselt-cu13==0.8.1
 + nvidia-nccl-cu13==2.30.7
 + nvidia-nvjitlink==13.4.92
 + nvidia-nvshmem-cu13==3.4.5
 + nvidia-nvtx==13.0.85
 + opentelemetry-api==1.45.0
 + opentelemetry-exporter-http-transport==0.66b0
 + opentelemetry-exporter-otlp==1.45.0
 + opentelemetry-exporter-otlp-common==0.66b0
 + opentelemetry-exporter-otlp-proto-common==1.45.0
 + opentelemetry-exporter-otlp-proto-grpc==1.45.0
 + opentelemetry-exporter-otlp-proto-http==1.45.0
 + opentelemetry-proto==1.45.0
 + opentelemetry-sdk==1.45.0
 + opentelemetry-semantic-conventions==0.66b0
 + optuna==5.0.0
 + packaging==26.3
 + pandas==3.0.6
 + pillow==12.3.0
 + primepy==1.3
 + propcache==0.5.4
 + protobuf==7.36.2
 + pyannote-audio==4.0.7
 + pyannote-core==6.0.1
 + pyannote-database==6.1.1
 + pyannote-metrics==4.1
 + pyannote-pipeline==4.0.0
 + pyannoteai-sdk==0.4.0
 + pycparser==3.0
 + pygments==2.21.0
 + pyparsing==3.3.3
 + python-dateutil==2.9.0.post0
 + pytorch-lightning==2.6.6
 + pytorch-metric-learning==2.9.0
 + pyyaml==6.0.3
 + requests==2.34.2
 + rich==15.0.0
 + safetensors==0.8.0
 + scikit-learn==1.9.1
 + scipy==1.17.1
 + setuptools==80.10.2
 + six==1.17.0
 + sortedcontainers==2.4.0
 + soundfile==0.14.0
 + sqlalchemy==2.1.3
 + sympy==1.14.0
 + threadpoolctl==3.7.0
 + torch==2.14.1
 + torch-audiomentations==0.12.0
 + torch-pitch-shift==1.2.5
 + torchaudio==2.11.0
 + torchcodec==0.17.0
 + torchmetrics==1.9.0
 + tqdm==4.70.1
 + triton==3.8.0
 + truststore==0.10.4
 + typing-extensions==4.16.0
 + urllib3==2.8.0
 + yarl==1.25.1
