
$ /usr/bin/python3 -m uv venv /tmp/s1/venvs/demucs --python 3.11
warning: The `--system` flag has no effect, `uv venv` always ignores virtual environments when finding a Python interpreter; did you mean `--no-managed-python`?
Using CPython 3.11.17
Creating virtual environment at: /tmp/s1/venvs/demucs
Activate with: source /tmp/s1/venvs/demucs/bin/activate

$ /usr/bin/python3 -m uv pip install --python /tmp/s1/venvs/demucs/bin/python setuptools<81 demucs @ git+https://github.com/adefossez/demucs soundfile
Using Python 3.11.17 environment at: /tmp/s1/venvs/demucs
   Updating https://github.com/adefossez/demucs (HEAD)
    Updated https://github.com/adefossez/demucs (2883f3db65617d6d178c6ed10d869dc14e44e59b)
Resolved 51 packages in 3.28s
Downloading sphn (17.3MiB)
   Building demucs @ git+https://github.com/adefossez/demucs@2883f3db65617d6d178c6ed10d869dc14e44e59b
 Downloaded sphn
      Built demucs @ git+https://github.com/adefossez/demucs@2883f3db65617d6d178c6ed10d869dc14e44e59b
Prepared 3 packages in 303ms
Installed 51 packages in 290ms
 + anyio==4.15.1
 + cffi==2.1.1
 + click==8.5.0
 + cuda-bindings==13.4.3
 + cuda-pathfinder==1.8.3
 + cuda-toolkit==13.0.3.0
 + demucs==4.1.0 (from git+https://github.com/adefossez/demucs@2883f3db65617d6d178c6ed10d869dc14e44e59b)
 + einops==0.8.2
 + filelock==4.0.12
 + fsspec==2026.9.0
 + h11==0.16.0
 + hf-xet==1.6.0
 + httpcore2==2.13.1
 + httpx2==2.13.1
 + huggingface-hub==2.1.1
 + idna==3.20
 + jinja2==3.1.6
 + julius==0.2.8
 + lameenc==1.8.4
 + markupsafe==3.0.4
 + mpmath==1.3.0
 + networkx==3.6.1
 + numpy==2.4.6
 + nvidia-cublas==13.1.1.3
 + nvidia-cuda-cupti==13.0.85
 + nvidia-cuda-nvrtc==13.0.88
 + nvidia-cuda-runtime==13.0.96
 + nvidia-cudnn-cu13==9.24.0.43
 + nvidia-cufft==12.0.0.61
 + nvidia-cufile==1.15.1.6
 + nvidia-curand==10.4.0.35
 + nvidia-cusolver==12.0.4.66
 + nvidia-cusparse==12.6.3.3
 + nvidia-cusparselt-cu13==0.8.1
 + nvidia-nccl-cu13==2.30.7
 + nvidia-nvjitlink==13.4.92
 + nvidia-nvshmem-cu13==3.4.5
 + nvidia-nvtx==13.0.85
 + packaging==26.3
 + pycparser==3.0
 + pyyaml==6.0.3
 + safetensors==0.8.0
 + setuptools==80.10.2
 + soundfile==0.14.0
 + sphn==0.2.1
 + sympy==1.14.0
 + torch==2.14.1
 + tqdm==4.70.1
 + triton==3.8.0
 + truststore==0.10.4
 + typing-extensions==4.16.0
