
$ /usr/bin/python3 -m uv venv /tmp/s1/venvs/align --python 3.11
warning: The `--system` flag has no effect, `uv venv` always ignores virtual environments when finding a Python interpreter; did you mean `--no-managed-python`?
Using CPython 3.11.17
Creating virtual environment at: /tmp/s1/venvs/align
Activate with: source /tmp/s1/venvs/align/bin/activate

$ /usr/bin/python3 -m uv pip install --python /tmp/s1/venvs/align/bin/python setuptools<81 whisperx soundfile
Using Python 3.11.17 environment at: /tmp/s1/venvs/align
Resolved 121 packages in 598ms
Downloading fonttools (5.2MiB)
Downloading nvidia-cufile-cu12 (1.1MiB)
Downloading nvidia-cusolver-cu12 (255.1MiB)
Downloading nvidia-cufft-cu12 (184.2MiB)
Downloading nvidia-cusparselt-cu12 (273.9MiB)
Downloading nvidia-curand-cu12 (60.7MiB)
Downloading whisperx (15.7MiB)
Downloading nvidia-cusparse-cu12 (274.9MiB)
Downloading nvidia-cublas-cu12 (566.8MiB)
Downloading triton (148.3MiB)
Downloading nvidia-cudnn-cu12 (674.0MiB)
Downloading grpcio (6.9MiB)
Downloading nltk (1.7MiB)
Downloading sqlalchemy (4.4MiB)
Downloading nvidia-cuda-cupti-cu12 (9.8MiB)
Downloading transformers (11.4MiB)
Downloading nvidia-nvjitlink-cu12 (37.4MiB)
Downloading kiwisolver (1.4MiB)
Downloading torchaudio (3.8MiB)
Downloading nvidia-cuda-nvrtc-cu12 (84.0MiB)
Downloading torch (846.9MiB)
Downloading matplotlib (9.4MiB)
Downloading nvidia-nccl-cu12 (307.4MiB)
Downloading torchcodec (1.4MiB)
Downloading torchvision (8.2MiB)
Downloading aiohttp (1.8MiB)
 Downloaded nvidia-cufile-cu12
 Downloaded kiwisolver
 Downloaded torchcodec
 Downloaded nltk
 Downloaded aiohttp
 Downloaded torchaudio
 Downloaded sqlalchemy
 Downloaded fonttools
 Downloaded grpcio
 Downloaded torchvision
 Downloaded matplotlib
 Downloaded nvidia-cuda-cupti-cu12
 Downloaded transformers
 Downloaded whisperx
 Downloaded nvidia-nvjitlink-cu12
 Downloaded nvidia-curand-cu12
 Downloaded nvidia-cuda-nvrtc-cu12
 Downloaded triton
 Downloaded nvidia-cufft-cu12
 Downloaded nvidia-cusolver-cu12
 Downloaded nvidia-cusparselt-cu12
 Downloaded nvidia-cusparse-cu12
 Downloaded nvidia-nccl-cu12
 Downloaded nvidia-cublas-cu12
 Downloaded nvidia-cudnn-cu12
 Downloaded torch
Prepared 72 packages in 40.39s
Installed 121 packages in 935ms
 + aiohappyeyeballs==2.7.1
 + aiohttp==3.14.4
 + aiosignal==1.4.0
 + alembic==1.20.0
 + antlr4-python3-runtime==4.9.3
 + asteroid-filterbanks==0.4.0
 + attrs==26.1.0
 + av==18.1.0
 + certifi==2026.7.22
 + cffi==2.1.1
 + charset-normalizer==3.5.2
 + click==8.5.0
 + cloudpickle==3.1.2
 + colorlog==6.12.0
 + contourpy==1.3.3
 + ctranslate2==4.8.2
 + cycler==0.12.1
 + defusedxml==0.7.1
 + einops==0.8.2
 + faster-whisper==1.2.1
 + filelock==4.0.12
 + flatbuffers==25.12.19
 + fonttools==4.66.1
 + frozenlist==1.8.0
 + fsspec==2026.9.0
 + googleapis-common-protos==1.75.5
 + grpcio==1.84.0
 + hf-xet==1.6.0
 + huggingface-hub==0.36.2
 + idna==3.20
 + jinja2==3.1.6
 + joblib==1.6.0
 + julius==0.2.8
 + kiwisolver==1.5.1
 + lightning==2.6.6
 + lightning-utilities==0.15.3
 + mako==1.4.3
 + markdown-it-py==4.2.0
 + markupsafe==3.0.4
 + matplotlib==3.11.2
 + mdurl==0.1.2
 + mpmath==1.3.0
 + multidict==6.9.1
 + narwhals==2.26.0
 + networkx==3.6.1
 + nltk==3.10.3
 + numpy==2.4.6
 + nvidia-cublas-cu12==12.8.4.1
 + nvidia-cuda-cupti-cu12==12.8.90
 + nvidia-cuda-nvrtc-cu12==12.8.93
 + nvidia-cuda-runtime-cu12==12.8.90
 + nvidia-cudnn-cu12==9.10.2.21
 + nvidia-cufft-cu12==11.3.3.83
 + nvidia-cufile-cu12==1.13.1.3
 + nvidia-curand-cu12==10.3.9.90
 + nvidia-cusolver-cu12==11.7.3.90
 + nvidia-cusparse-cu12==12.5.8.93
 + nvidia-cusparselt-cu12==0.7.1
 + nvidia-nccl-cu12==2.27.3
 + nvidia-nvjitlink-cu12==12.8.93
 + nvidia-nvtx-cu12==12.8.90
 + omegaconf==2.3.1
 + onnxruntime==1.30.0
 + opentelemetry-api==1.45.0
 + opentelemetry-exporter-http-transport==0.66b0
 + opentelemetry-exporter-otlp==1.45.0
 + opentelemetry-exporter-otlp-common==0.66b0
 + opentelemetry-exporter-otlp-proto-common==1.45.0
 + opentelemetry-exporter-otlp-proto-grpc==1.45.0
 + opentelemetry-exporter-otlp-proto-http==1.45.0
 + opentelemetry-proto==1.45.0
 + opentelemetry-sdk==1.45.0
 + opentelemetry-semantic-conventions==0.66b0
 + optuna==5.0.0
 + packaging==26.3
 + pandas==3.0.6
 + pillow==12.3.0
 + primepy==1.3
 + propcache==0.5.4
 + protobuf==7.36.2
 + pyannote-audio==4.0.7
 + pyannote-core==6.0.1
 + pyannote-database==6.1.1
 + pyannote-metrics==4.1
 + pyannote-pipeline==4.0.0
 + pyannoteai-sdk==0.4.0
 + pycparser==3.0
 + pygments==2.21.0
 + pyparsing==3.3.3
 + python-dateutil==2.9.0.post0
 + pytorch-lightning==2.6.6
 + pytorch-metric-learning==2.9.0
 + pyyaml==6.0.3
 + regex==2026.9.29
 + requests==2.34.2
 + rich==15.0.0
 + safetensors==0.8.0
 + scikit-learn==1.9.1
 + scipy==1.17.1
 + setuptools==80.10.2
 + six==1.17.0
 + sortedcontainers==2.4.0
 + soundfile==0.14.0
 + sqlalchemy==2.1.3
 + sympy==1.14.0
 + threadpoolctl==3.7.0
 + tokenizers==0.22.2
 + torch==2.8.0
 + torch-audiomentations==0.12.0
 + torch-pitch-shift==1.2.5
 + torchaudio==2.8.0
 + torchcodec==0.7.0
 + torchmetrics==1.9.0
 + torchvision==0.23.0
 + tqdm==4.70.1
 + transformers==4.57.6
 + triton==3.4.0
 + typing-extensions==4.16.0
 + urllib3==2.8.0
 + whisperx==3.8.6
 + yarl==1.25.1
