
$ /usr/bin/python3 -m uv venv /tmp/s3d/venvs/sep --python 3.11
warning: The `--system` flag has no effect, `uv venv` always ignores virtual environments when finding a Python interpreter; did you mean `--no-managed-python`?
Downloading cpython-3.11.17-linux-x86_64-gnu (download) (29.4MiB)
 Downloaded cpython-3.11.17-linux-x86_64-gnu (download)
Using CPython 3.11.17
Creating virtual environment at: /tmp/s3d/venvs/sep
Activate with: source /tmp/s3d/venvs/sep/bin/activate

$ /usr/bin/python3 -m uv pip install --python /tmp/s3d/venvs/sep/bin/python setuptools<81 demucs @ git+https://github.com/adefossez/demucs soundfile
Using Python 3.11.17 environment at: /tmp/s3d/venvs/sep
   Updating https://github.com/adefossez/demucs (HEAD)
    Updated https://github.com/adefossez/demucs (2883f3db65617d6d178c6ed10d869dc14e44e59b)
Resolved 51 packages in 5.56s
   Building demucs @ git+https://github.com/adefossez/demucs@2883f3db65617d6d178c6ed10d869dc14e44e59b
Downloading nvidia-curand (56.8MiB)
Downloading networkx (2.0MiB)
Downloading nvidia-cufft (204.2MiB)
Downloading nvidia-cudnn-cu13 (527.5MiB)
Downloading nvidia-cublas (403.5MiB)
Downloading soundfile (1.3MiB)
Downloading nvidia-cusolver (191.6MiB)
Downloading hf-xet (4.0MiB)
Downloading nvidia-nccl-cu13 (206.0MiB)
Downloading numpy (16.1MiB)
Downloading nvidia-nvjitlink (40.5MiB)
Downloading triton (236.5MiB)
Downloading nvidia-cuda-runtime (2.1MiB)
Downloading nvidia-nvshmem-cu13 (57.6MiB)
Downloading sympy (6.0MiB)
Downloading nvidia-cuda-nvrtc (86.0MiB)
Downloading nvidia-cusparse (139.2MiB)
Downloading setuptools (1.0MiB)
Downloading nvidia-cuda-cupti (10.2MiB)
Downloading nvidia-cusparselt-cu13 (162.3MiB)
Downloading nvidia-cufile (1.2MiB)
Downloading cuda-bindings (6.8MiB)
Downloading sphn (17.3MiB)
Downloading torch (528.9MiB)
      Built demucs @ git+https://github.com/adefossez/demucs@2883f3db65617d6d178c6ed10d869dc14e44e59b
 Downloaded setuptools
 Downloaded nvidia-cufile
 Downloaded soundfile
 Downloaded networkx
 Downloaded nvidia-cuda-runtime
 Downloaded hf-xet
 Downloaded sympy
 Downloaded cuda-bindings
 Downloaded nvidia-cuda-cupti
 Downloaded numpy
 Downloaded sphn
 Downloaded nvidia-nvjitlink
 Downloaded nvidia-curand
 Downloaded nvidia-nvshmem-cu13
 Downloaded nvidia-cuda-nvrtc
 Downloaded nvidia-cusparse
 Downloaded nvidia-cusparselt-cu13
 Downloaded nvidia-cusolver
 Downloaded nvidia-cufft
 Downloaded nvidia-nccl-cu13
 Downloaded triton
 Downloaded nvidia-cublas
 Downloaded nvidia-cudnn-cu13
 Downloaded torch
Prepared 50 packages in 2m 04s
Installed 51 packages in 413ms
 + anyio==4.15.1
 + cffi==2.1.1
 + click==8.5.0
 + cuda-bindings==13.4.3
 + cuda-pathfinder==1.8.3
 + cuda-toolkit==13.0.3.0
 + demucs==4.1.0 (from git+https://github.com/adefossez/demucs@2883f3db65617d6d178c6ed10d869dc14e44e59b)
 + einops==0.8.2
 + filelock==4.0.12
 + fsspec==2026.9.0
 + h11==0.16.0
 + hf-xet==1.7.0
 + httpcore2==2.13.1
 + httpx2==2.13.1
 + huggingface-hub==2.1.1
 + idna==3.20
 + jinja2==3.1.6
 + julius==0.2.8
 + lameenc==1.8.4
 + markupsafe==3.0.4
 + mpmath==1.3.0
 + networkx==3.6.1
 + numpy==2.4.6
 + nvidia-cublas==13.1.1.3
 + nvidia-cuda-cupti==13.0.85
 + nvidia-cuda-nvrtc==13.0.88
 + nvidia-cuda-runtime==13.0.96
 + nvidia-cudnn-cu13==9.24.0.43
 + nvidia-cufft==12.0.0.61
 + nvidia-cufile==1.15.1.6
 + nvidia-curand==10.4.0.35
 + nvidia-cusolver==12.0.4.66
 + nvidia-cusparse==12.6.3.3
 + nvidia-cusparselt-cu13==0.8.1
 + nvidia-nccl-cu13==2.30.7
 + nvidia-nvjitlink==13.4.92
 + nvidia-nvshmem-cu13==3.4.5
 + nvidia-nvtx==13.0.85
 + packaging==26.3
 + pycparser==3.0
 + pyyaml==6.0.3
 + safetensors==0.8.0
 + setuptools==80.10.2
 + soundfile==0.14.0
 + sphn==0.2.1
 + sympy==1.14.0
 + torch==2.14.1
 + tqdm==4.70.1
 + triton==3.8.0
 + truststore==0.10.4
 + typing-extensions==4.16.0
