Resolved 112 packages in 9ms
Downloading pygments (1.2MiB)
Downloading pydantic-core (1.8MiB)
Downloading scipy (19.4MiB)
Downloading tokenizers (2.8MiB)
Downloading numpy (13.3MiB)
Downloading setuptools (1.0MiB)
Downloading torch (63.4MiB)
Downloading sympy (5.9MiB)
Downloading numba (2.6MiB)
Downloading onnx (9.3MiB)
Downloading soundfile (1.1MiB)
Downloading scikit-learn (7.9MiB)
Downloading pillow (4.6MiB)
Downloading networkx (2.0MiB)
Downloading diffusers (2.1MiB)
Downloading resemble-perth (32.8MiB)
Downloading pandas (9.6MiB)
Downloading virtualenv (5.2MiB)
Downloading pykakasi (2.3MiB)
Downloading gradio (23.0MiB)
Downloading torchaudio (1.7MiB)
Downloading hf-xet (3.4MiB)
Downloading llvmlite (38.7MiB)
Downloading transformers (9.9MiB)
Downloading spacy-pkuseg (2.3MiB)
   Building antlr4-python3-runtime==4.9.3
      Built antlr4-python3-runtime==4.9.3
 Downloaded setuptools
 Downloaded soundfile
 Downloaded pygments
 Downloaded torchaudio
 Downloaded pydantic-core
 Downloaded networkx
 Downloaded diffusers
 Downloaded pykakasi
 Downloaded spacy-pkuseg
 Downloaded numba
 Downloaded tokenizers
 Downloaded hf-xet
 Downloaded pillow
 Downloaded virtualenv
 Downloaded sympy
 Downloaded scikit-learn
 Downloaded onnx
 Downloaded pandas
 Downloaded transformers
 Downloaded numpy
 Downloaded scipy
 Downloaded gradio
 Downloaded resemble-perth
 Downloaded llvmlite
 Downloaded torch
Prepared 99 packages in 1m 12s
Installed 112 packages in 937ms
 + aiofiles==24.1.0
 + annotated-doc==0.0.5
 + annotated-types==0.8.0
 + antlr4-python3-runtime==4.9.3
 + anyio==4.15.1
 + audioread==3.1.0
 + brotli==1.2.0
 + catalogue==2.0.10
 + certifi==2026.7.22
 + cffi==2.1.1
 + cfgv==3.5.0
 + charset-normalizer==3.5.2
 + chatterbox-tts==0.1.7
 + click==8.5.0
 + cloudpickle==3.1.2
 + conformer==0.3.2
 + decorator==5.3.1
 + deprecated==1.3.1
 + diffusers==0.29.0
 + distlib==0.4.3
 + einops==0.8.2
 + fastapi==0.142.2
 + ffmpy==1.0.0
 + filelock==4.0.12
 + fsspec==2026.9.0
 + gradio==6.8.0
 + gradio-client==2.2.0
 + groovy==0.1.2
 + h11==0.16.0
 + hf-xet==1.7.0
 + httpcore==1.0.9
 + httpx==0.28.1
 + huggingface-hub==1.33.0
 + identify==2.6.20
 + idna==3.20
 + importlib-metadata==9.0.1
 + jaconv==0.5.0
 + jinja2==3.1.6
 + joblib==1.6.0
 + lazy-loader==0.6
 + librosa==0.11.0
 + llvmlite==0.50.0
 + markdown-it-py==4.2.0
 + markupsafe==3.0.4
 + mdurl==0.1.2
 + ml-dtypes==0.5.4
 + mpmath==1.3.0
 + msgpack==1.2.3
 + narwhals==2.26.0
 + networkx==3.6.1
 + nodeenv==1.11.0
 + numba==0.68.0
 + numpy==1.26.4
 + omegaconf==2.3.1
 + onnx==1.23.2
 + opentelemetry-api==1.45.1
 + orjson==3.13.0
 + packaging==26.3
 + pandas==3.0.6
 + pillow==12.3.0
 + platformdirs==4.12.3
 + pooch==1.9.0
 + pre-commit==4.6.2
 + protobuf==7.36.2
 + psutil==7.2.2
 + pycparser==3.0
 + pydantic==2.13.5
 + pydantic-core==2.46.5
 + pydub==0.25.1
 + pygments==2.21.0
 + pykakasi==2.3.0
 + pyloudnorm==0.2.0
 + python-dateutil==2.9.0.post0
 + python-discovery==1.6.1
 + python-multipart==0.0.32
 + pytz==2026.5
 + pyyaml==6.0.3
 + regex==2026.9.29
 + requests==2.34.2
 + resemble-perth==1.0.1
 + rich==15.0.0
 + s3tokenizer==0.3.0
 + safehttpx==0.1.7
 + safetensors==0.5.3
 + scikit-learn==1.9.1
 + scipy==1.17.1
 + semantic-version==2.10.0
 + setuptools==80.10.2
 + shellingham==1.5.4
 + six==1.17.0
 + soundfile==0.14.0
 + soxr==1.1.0
 + spacy-pkuseg==1.0.1
 + srsly==2.5.4
 + starlette==0.52.1
 + sympy==1.13.1
 + threadpoolctl==3.7.0
 + tokenizers==0.22.2
 + tomlkit==0.13.3
 + torch==2.6.0
 + torchaudio==2.6.0
 + tqdm==4.70.1
 + transformers==5.2.0
 + typer==0.27.3
 + typer-slim==0.24.0
 + typing-extensions==4.16.0
 + typing-inspection==0.4.4
 + urllib3==2.8.0
 + uvicorn==0.54.0
 + virtualenv==21.14.5
 + wrapt==2.5.0
 + zipp==4.1.1
real 73.06
user 4.22
sys 10.35
