$ /Users/mohammadkaifsaiyad/Development/VoxShift/scripts/spikes/mac_s4/.venv/bin/python /Users/mohammadkaifsaiyad/Development/VoxShift/scripts/spikes/mac_s4/run_s4a.py bench --device mps
# env: {"HF_HUB_OFFLINE": "1", "PYTORCH_ENABLE_MPS_FALLBACK": "1"}
/Users/mohammadkaifsaiyad/Development/VoxShift/scripts/spikes/mac_s4/.venv/lib/python3.11/site-packages/perth/perth_net/__init__.py:1: UserWarning: pkg_resources is deprecated as an API. See https://setuptools.pypa.io/en/latest/pkg_resources.html. The pkg_resources package is slated for removal as early as 2025-11-30. Refrain from using this package or pin to Setuptools<81.
  from pkg_resources import resource_filename
/Users/mohammadkaifsaiyad/Development/VoxShift/scripts/spikes/mac_s4/.venv/lib/python3.11/site-packages/diffusers/models/lora.py:393: FutureWarning: `LoRACompatibleLinear` is deprecated and will be removed in version 1.0.0. Use of `LoRACompatibleLinear` is deprecated. Please switch to PEFT backend by installing PEFT: `pip install peft`.
  deprecate("LoRACompatibleLinear", "1.0.0", deprecation_message)
loaded PerthNet (Implicit) at step 250,000
/Users/mohammadkaifsaiyad/Development/VoxShift/scripts/spikes/mac_s4/.venv/lib/python3.11/site-packages/audioread/rawread.py:16: DeprecationWarning: 'aifc' is deprecated and slated for removal in Python 3.13
  import aifc
/Users/mohammadkaifsaiyad/Development/VoxShift/scripts/spikes/mac_s4/.venv/lib/python3.11/site-packages/audioread/rawread.py:17: DeprecationWarning: 'audioop' is deprecated and slated for removal in Python 3.13
  import audioop
/Users/mohammadkaifsaiyad/Development/VoxShift/scripts/spikes/mac_s4/.venv/lib/python3.11/site-packages/audioread/rawread.py:19: DeprecationWarning: 'sunau' is deprecated and slated for removal in Python 3.13
  import sunau
/Users/mohammadkaifsaiyad/.local/share/uv/python/cpython-3.11.16-macos-aarch64-none/lib/python3.11/contextlib.py:105: FutureWarning: `torch.backends.cuda.sdp_kernel()` is deprecated. In the future, this context manager will be removed. Please see `torch.nn.attention.sdpa_kernel()` for the new context manager, with updated signature.
  self.gen = func(*args, **kwds)
The following generation flags are not valid and may be ignored: ['output_attentions']. Set `TRANSFORMERS_VERBOSITY=info` for more details.
mps line 00: chars=31 gen=18.25s audio=2.80s eos=1
mps line 01: chars=29 gen=10.96s audio=1.80s eos=1
mps line 02: chars=31 gen=12.15s audio=2.40s eos=0
mps line 03: chars=78 gen=31.56s audio=4.76s eos=1
mps line 04: chars=14 gen=11.05s audio=1.16s eos=1
mps line 05: chars=37 gen=29.17s audio=3.20s eos=1
mps line 06: chars=6 gen=14.17s audio=1.72s eos=1
mps line 07: chars=32 gen=18.84s audio=3.48s eos=1
mps line 08: chars=38 gen=14.06s audio=2.80s eos=0
mps line 09: chars=36 gen=17.27s audio=3.00s eos=1
mps line 10: chars=31 gen=16.55s audio=2.12s eos=1
mps line 11: chars=18 gen=10.76s audio=1.36s eos=1
mps line 12: chars=29 gen=14.79s audio=2.48s eos=1
mps line 13: chars=24 gen=11.19s audio=1.64s eos=1
mps line 14: chars=22 gen=17.89s audio=3.16s eos=1
mps line 15: chars=38 gen=27.61s audio=3.28s eos=1
mps: load 15.3s cond 10.61s RTF 6.712 (276.3s / 41.2s)
/Users/mohammadkaifsaiyad/.local/share/uv/python/cpython-3.11.16-macos-aarch64-none/lib/python3.11/tempfile.py:934: ResourceWarning: Implicitly cleaning up <TemporaryDirectory '/var/folders/bv/wyfb50rx2dvcx6zt23wwh67m0000gn/T/tmpetjnpoa9'>
  _warnings.warn(warn_message, ResourceWarning)
      934.31 real       575.67 user       192.17 sys
          4796989440  maximum resident set size
                   0  average shared memory size
                   0  average unshared data size
                   0  average unshared stack size
             2254571  page reclaims
              138519  page faults
                   0  swaps
                   0  block input operations
                   0  block output operations
                   0  messages sent
                   0  messages received
                   0  signals received
              952522  voluntary context switches
             4120009  involuntary context switches
       9809302174175  instructions retired
       2279198869060  cycles elapsed
         19655520568  peak memory footprint
