
$ /usr/bin/python3 -m uv venv /tmp/s3/venvs/tiger --python 3.11
warning: The `--system` flag has no effect, `uv venv` always ignores virtual environments when finding a Python interpreter; did you mean `--no-managed-python`?
Using CPython 3.11.17
Creating virtual environment at: /tmp/s3/venvs/tiger
Activate with: source /tmp/s3/venvs/tiger/bin/activate

$ git clone --depth 1 https://github.com/JusperLee/TIGER /tmp/s3/tiger/repo
Cloning into '/tmp/s3/tiger/repo'...

$ /usr/bin/python3 -m uv pip install --python /tmp/s3/venvs/tiger/bin/python setuptools<81 torch torchaudio soundfile huggingface_hub pyyaml numpy
Using Python 3.11.17 environment at: /tmp/s3/venvs/tiger
Resolved 46 packages in 199ms
Downloading torchaudio (1.7MiB)
 Downloaded torchaudio
Prepared 1 package in 98ms
Installed 46 packages in 376ms
 + anyio==4.15.1
 + cffi==2.1.1
 + click==8.5.0
 + cuda-bindings==13.4.3
 + cuda-pathfinder==1.8.3
 + cuda-toolkit==13.0.3.0
 + filelock==4.0.12
 + fsspec==2026.9.0
 + h11==0.16.0
 + hf-xet==1.6.0
 + httpcore2==2.13.1
 + httpx2==2.13.1
 + huggingface-hub==2.1.1
 + idna==3.20
 + jinja2==3.1.6
 + markupsafe==3.0.4
 + mpmath==1.3.0
 + networkx==3.6.1
 + numpy==2.4.6
 + nvidia-cublas==13.1.1.3
 + nvidia-cuda-cupti==13.0.85
 + nvidia-cuda-nvrtc==13.0.88
 + nvidia-cuda-runtime==13.0.96
 + nvidia-cudnn-cu13==9.24.0.43
 + nvidia-cufft==12.0.0.61
 + nvidia-cufile==1.15.1.6
 + nvidia-curand==10.4.0.35
 + nvidia-cusolver==12.0.4.66
 + nvidia-cusparse==12.6.3.3
 + nvidia-cusparselt-cu13==0.8.1
 + nvidia-nccl-cu13==2.30.7
 + nvidia-nvjitlink==13.4.92
 + nvidia-nvshmem-cu13==3.4.5
 + nvidia-nvtx==13.0.85
 + packaging==26.3
 + pycparser==3.0
 + pyyaml==6.0.3
 + setuptools==80.10.2
 + soundfile==0.14.0
 + sympy==1.14.0
 + torch==2.14.1
 + torchaudio==2.11.0
 + tqdm==4.70.1
 + triton==3.8.0
 + truststore==0.10.4
 + typing-extensions==4.16.0

$ /usr/bin/python3 -m uv pip install --python /tmp/s3/venvs/tiger/bin/python -r /tmp/s3/tiger/repo/requirements.txt
Using Python 3.11.17 environment at: /tmp/s3/venvs/tiger
Resolved 128 packages in 2.33s
Downloading networkx (1.6MiB)
Downloading sympy (5.9MiB)
Downloading scipy (39.3MiB)
Downloading nvidia-cufft-cu12 (201.7MiB)
Downloading nvidia-cublas-cu12 (346.6MiB)
Downloading wandb (15.4MiB)
Downloading pygments (1.1MiB)
Downloading nvidia-cudnn-cu12 (634.0MiB)
Downloading pyarrow (38.2MiB)
Downloading llvmlite (41.8MiB)
Downloading ctranslate2 (36.8MiB)
Downloading aiohttp (1.6MiB)
Downloading soundfile (1.1MiB)
Downloading nvidia-cuda-nvrtc-cu12 (23.5MiB)
Downloading torch (864.5MiB)
Downloading torchaudio (3.2MiB)
Downloading tokenizers (2.9MiB)
Downloading pillow (4.2MiB)
Downloading nvidia-nccl-cu12 (179.9MiB)
Downloading nvidia-cuda-cupti-cu12 (13.2MiB)
Downloading torchvision (6.9MiB)
Downloading transformers (9.7MiB)
Downloading sentencepiece (1.2MiB)
Downloading nvidia-cusolver-cu12 (122.0MiB)
Downloading numba (3.5MiB)
Downloading triton (199.8MiB)
Downloading nvidia-curand-cu12 (53.7MiB)
Downloading scikit-learn (12.7MiB)
Downloading numpy (18.6MiB)
Downloading av (32.5MiB)
Downloading onnxruntime (12.7MiB)
Downloading nvidia-nvjitlink-cu12 (20.1MiB)
Downloading pandas (12.5MiB)
Downloading modelscope (5.6MiB)
Downloading nvidia-cusparse-cu12 (197.8MiB)
   Building antlr4-python3-runtime==4.9.3
 Downloaded soundfile
 Downloaded pygments
   Building gpustat==1.1.1
 Downloaded sentencepiece
   Building fast-bss-eval==0.1.4
   Building pesq==0.0.4
 Downloaded aiohttp
 Downloaded networkx
      Built antlr4-python3-runtime==4.9.3
      Built fast-bss-eval==0.1.4
      Built gpustat==1.1.1
 Downloaded tokenizers
 Downloaded torchaudio
 Downloaded numba
 Downloaded pillow
 Downloaded sympy
 Downloaded modelscope
 Downloaded torchvision
 Downloaded transformers
 Downloaded pandas
 Downloaded onnxruntime
 Downloaded scikit-learn
 Downloaded nvidia-cuda-cupti-cu12
 Downloaded wandb
 Downloaded numpy
 Downloaded nvidia-nvjitlink-cu12
 Downloaded nvidia-cuda-nvrtc-cu12
 Downloaded av
 Downloaded ctranslate2
 Downloaded pyarrow
 Downloaded scipy
 Downloaded llvmlite
 Downloaded nvidia-curand-cu12
 Downloaded nvidia-cusolver-cu12
      Built pesq==0.0.4
 Downloaded nvidia-nccl-cu12
 Downloaded nvidia-cusparse-cu12
 Downloaded nvidia-cufft-cu12
 Downloaded triton
 Downloaded nvidia-cublas-cu12
 Downloaded nvidia-cudnn-cu12
 Downloaded torch
Prepared 126 packages in 46.99s
Uninstalled 20 packages in 383ms
Installed 126 packages in 3.62s
 + accelerated-scan==0.2.0
 + aiohappyeyeballs==2.4.3
 + aiohttp==3.11.7
 + aiosignal==1.3.1
 + antlr4-python3-runtime==4.9.3
 + attrs==24.2.0
 + audioread==3.0.1
 + av==13.1.0
 + blessed==1.20.0
 + blessings==1.7
 + certifi==2024.8.30
 - cffi==2.1.1
 + cffi==1.17.1
 + charset-normalizer==3.4.0
 - click==8.5.0
 + click==8.1.7
 + coloredlogs==15.0.1
 + conda-pack==0.8.1
 + ctranslate2==4.5.0
 + datasets==3.2.0
 + decorator==5.1.1
 + dill==0.3.8
 + docker-pycreds==0.4.0
 + einops==0.8.0
 + fast-bss-eval==0.1.4
 - filelock==4.0.12
 + filelock==3.16.1
 + flatbuffers==24.3.25
 + frozenlist==1.5.0
 - fsspec==2026.9.0
 + fsspec==2024.9.0
 + gitdb==4.0.11
 + gitpython==3.1.43
 + gpustat==1.1.1
 - huggingface-hub==2.1.1
 + huggingface-hub==0.26.2
 + humanfriendly==10.0
 + hydra-core==1.3.2
 + hyperpyyaml==1.2.2
 - idna==3.20
 + idna==3.10
 - jinja2==3.1.6
 + jinja2==3.1.4
 + joblib==1.4.2
 + lazy-loader==0.4
 + librosa==0.10.2.post1
 + lightning-utilities==0.11.9
 + llvmlite==0.43.0
 + markdown-it-py==3.0.0
 - markupsafe==3.0.4
 + markupsafe==3.0.2
 + mdurl==0.1.2
 + modelscope==1.20.1
 + msgpack==1.1.0
 + multidict==6.1.0
 + multiprocess==0.70.16
 - networkx==3.6.1
 + networkx==3.4.2
 + ninja==1.11.1.3
 + numba==0.60.0
 - numpy==2.4.6
 + numpy==2.0.2
 + nvidia-cublas-cu12==12.4.5.8
 + nvidia-cuda-cupti-cu12==12.4.127
 + nvidia-cuda-nvrtc-cu12==12.4.127
 + nvidia-cuda-runtime-cu12==12.4.127
 + nvidia-cudnn-cu12==9.1.0.70
 + nvidia-cufft-cu12==11.2.1.3
 + nvidia-curand-cu12==10.3.5.147
 + nvidia-cusolver-cu12==11.6.1.9
 + nvidia-cusparse-cu12==12.3.1.170
 + nvidia-ml-py==13.615.71
 + nvidia-nccl-cu12==2.21.5
 + nvidia-nvjitlink-cu12==12.4.127
 + nvidia-nvtx-cu12==12.4.127
 + omegaconf==2.3.0
 + onnxruntime==1.20.1
 - packaging==26.3
 + packaging==24.2
 + pandas==2.2.3
 + pesq==0.0.4
 + pillow==11.0.0
 + pip-system-certs==4.0
 + platformdirs==4.3.6
 + pooch==1.8.2
 + propcache==0.2.0
 + protobuf==5.28.3
 + psutil==6.1.0
 + ptflops==0.7.4
 + pyarrow==18.1.0
 - pycparser==3.0
 + pycparser==2.22
 + pygments==2.18.0
 + pystoi==0.4.1
 + python-dateutil==2.9.0.post0
 + pytorch-lightning==2.0.2
 + pytorch-ranger==0.1.1
 + pytz==2024.2
 - pyyaml==6.0.3
 + pyyaml==6.0.2
 + regex==2024.11.6
 + requests==2.32.3
 + rich==13.9.4
 + rotary-embedding-torch==0.8.5
 + ruamel-yaml==0.18.6
 + ruamel-yaml-clib==0.2.12
 + safetensors==0.4.5
 + scikit-learn==1.5.2
 + scipy==1.14.1
 + sentencepiece==0.2.0
 + sentry-sdk==2.19.0
 + setproctitle==1.3.4
 + six==1.16.0
 + smmap==5.0.1
 - soundfile==0.14.0
 + soundfile==0.12.1
 + soxr==0.5.0.post1
 + speechbrain==0.5.14
 - sympy==1.14.0
 + sympy==1.13.1
 + threadpoolctl==3.5.0
 + tokenizers==0.21.0
 - torch==2.14.1
 + torch==2.5.1
 + torch-complex==0.4.4
 + torch-mir-eval==0.4
 + torch-optimizer==0.3.0
 - torchaudio==2.11.0
 + torchaudio==2.5.1
 + torchmetrics==1.6.0
 + torchvision==0.20.1
 - tqdm==4.70.1
 + tqdm==4.67.0
 + transformers==4.47.1
 - triton==3.8.0
 + triton==3.1.0
 + typeguard==2.13.3
 - typing-extensions==4.16.0
 + typing-extensions==4.12.2
 + tzdata==2024.2
 + urllib3==2.2.3
 + wandb==0.18.7
 + wcwidth==0.2.13
 + wrapt==1.17.0
 + xxhash==3.5.0
 + yarl==1.18.0
