
$ /usr/bin/python3 -m uv venv /tmp/s1/venvs/vad --python 3.11
warning: The `--system` flag has no effect, `uv venv` always ignores virtual environments when finding a Python interpreter; did you mean `--no-managed-python`?
Using CPython 3.11.17
Creating virtual environment at: /tmp/s1/venvs/vad
Activate with: source /tmp/s1/venvs/vad/bin/activate

$ /usr/bin/python3 -m uv pip install --python /tmp/s1/venvs/vad/bin/python silero-vad soundfile torch
Using Python 3.11.17 environment at: /tmp/s1/venvs/vad
Resolved 35 packages in 116ms
Downloading nvidia-cufile (1.2MiB)
Downloading nvidia-cufft (204.2MiB)
Downloading nvidia-cusolver (191.6MiB)
Downloading nvidia-cusparselt-cu13 (162.3MiB)
Downloading nvidia-nvshmem-cu13 (57.6MiB)
Downloading numpy (16.1MiB)
Downloading nvidia-cuda-nvrtc (86.0MiB)
Downloading nvidia-cuda-runtime (2.1MiB)
Downloading nvidia-cuda-cupti (10.2MiB)
Downloading nvidia-curand (56.8MiB)
Downloading nvidia-nvjitlink (40.5MiB)
Downloading sympy (6.0MiB)
Downloading cuda-bindings (6.8MiB)
Downloading silero-vad (10.8MiB)
Downloading nvidia-cudnn-cu13 (527.5MiB)
Downloading nvidia-cublas (403.5MiB)
Downloading triton (236.5MiB)
Downloading nvidia-cusparse (139.2MiB)
Downloading nvidia-nccl-cu13 (206.0MiB)
Downloading torch (528.9MiB)
 Downloaded nvidia-cufile
 Downloaded nvidia-cuda-runtime
 Downloaded sympy
 Downloaded cuda-bindings
 Downloaded nvidia-cuda-cupti
 Downloaded silero-vad
 Downloaded numpy
 Downloaded nvidia-nvjitlink
 Downloaded nvidia-curand
 Downloaded nvidia-nvshmem-cu13
 Downloaded nvidia-cuda-nvrtc
 Downloaded nvidia-cusparse
 Downloaded nvidia-cusparselt-cu13
 Downloaded nvidia-cusolver
 Downloaded nvidia-cufft
 Downloaded nvidia-nccl-cu13
 Downloaded triton
 Downloaded torch
 Downloaded nvidia-cublas
 Downloaded nvidia-cudnn-cu13
Prepared 23 packages in 34.04s
Installed 35 packages in 282ms
 + cffi==2.1.1
 + cuda-bindings==13.4.3
 + cuda-pathfinder==1.8.3
 + cuda-toolkit==13.0.3.0
 + filelock==4.0.12
 + fsspec==2026.9.0
 + jinja2==3.1.6
 + markupsafe==3.0.4
 + mpmath==1.3.0
 + networkx==3.6.1
 + numpy==2.4.6
 + nvidia-cublas==13.1.1.3
 + nvidia-cuda-cupti==13.0.85
 + nvidia-cuda-nvrtc==13.0.88
 + nvidia-cuda-runtime==13.0.96
 + nvidia-cudnn-cu13==9.24.0.43
 + nvidia-cufft==12.0.0.61
 + nvidia-cufile==1.15.1.6
 + nvidia-curand==10.4.0.35
 + nvidia-cusolver==12.0.4.66
 + nvidia-cusparse==12.6.3.3
 + nvidia-cusparselt-cu13==0.8.1
 + nvidia-nccl-cu13==2.30.7
 + nvidia-nvjitlink==13.4.92
 + nvidia-nvshmem-cu13==3.4.5
 + nvidia-nvtx==13.0.85
 + packaging==26.3
 + pycparser==3.0
 + setuptools==84.0.0
 + silero-vad==6.2.3
 + soundfile==0.14.0
 + sympy==1.14.0
 + torch==2.14.1
 + triton==3.8.0
 + typing-extensions==4.16.0
